2026-06-08 09:24:18 | INFO     | STAGE:UNKNOWN | __init__ | PipelineLogger initialised. Log file: logs/pipeline_20260608_092418.log
2026-06-08 09:24:18 | INFO     | STAGE:1 | info | === STAGE 1 START === pipeline_id=c3cf7b33-92df-4bad-ac4f-a259ead023ec organism=ecoli molecule=lycopene
2026-06-08 09:24:18 | INFO     | STAGE:1 | info | Loading organism config for key='ecoli'
2026-06-08 09:24:18 | DEBUG    | STAGE:1 | debug | Organism loaded: {'name': 'Escherichia coli', 'strain': 'K-12 MG1655', 'gem_model_id': 'iML1515', 'doubling_time_min': 20.0, 'optimal_ph': 7.0, 'optimal_temp_c': 37.0, 'gram_stain': 'negative'}
2026-06-08 09:24:18 | INFO     | STAGE:1 | info | Loading molecule config for key='lycopene'
2026-06-08 09:24:18 | DEBUG    | STAGE:1 | debug | Molecule loaded: {'name': 'Lycopene', 'smiles': 'CC(C)=CCCC(C)=C/C=C/C(C)=C/C=C/C(C)=C/C=C/C=C(C)/C=C/C=C(C)/C=C/C=C(C)C', 'chebi_id': 'CHEBI:15938', 'target_titer_g_per_l': 5.0, 'target_yield_mol_per_mol': 0.35}
2026-06-08 09:24:18 | INFO     | STAGE:1 | info | Loading genomic data for organism='ecoli'
2026-06-08 09:24:18 | DEBUG    | STAGE:1 | debug | Genomic data loaded for ecoli: 4494 genes, 18 essential, codon table 11, GC=50.8%
2026-06-08 09:24:18 | DEBUG    | STAGE:1 | debug | Genomic data: 4494 genes, codon table 11, GC=50.8%
2026-06-08 09:24:18 | INFO     | STAGE:1 | info | Running data quality checks
2026-06-08 09:24:18 | INFO     | STAGE:1 | info | Data quality report: score=1.000  warnings=0  errors=0
2026-06-08 09:24:18 | INFO     | STAGE:1 | info | Validating Stage 1 output against schema
2026-06-08 09:24:18 | INFO     | STAGE:1 | info | Schema validation: PASSED for stage_1_output
2026-06-08 09:24:18 | INFO     | STAGE:1 | info | JSON contract [output | Stage 1 → Stage 2]: pipeline_id=c3cf7b33-92df-4bad-ac4f-a259ead023ec | timestamp=2026-06-08T09:24:18.867748+00:00 | organism={name, strain, gem_model_id, doubling_time_min, optimal_ph} | target_molecule={name, smiles, chebi_id, target_titer_g_per_l, target_yield_mol_per_mol} | genomic_data={total_genes, essential_genes, available_promoters, codon_table_id, gc_content_percent} | data_quality_report={completeness_score, warnings, errors} | stage_1_status=PASS
2026-06-08 09:24:18 | DEBUG    | STAGE:1 | debug | Full JSON payload:\n{
  "pipeline_id": "c3cf7b33-92df-4bad-ac4f-a259ead023ec",
  "timestamp": "2026-06-08T09:24:18.867748+00:00",
  "organism": {
    "name": "Escherichia coli",
    "strain": "K-12 MG1655",
    "gem_model_id": "iML1515",
    "doubling_time_min": 20.0,
    "optimal_ph": 7.0,
    "optimal_temp_c": 37.0,
    "gram_stain": "negative"
  },
  "target_molecule": {
    "name": "Lycopene",
    "smiles": "CC(C)=CCCC(C)=C/C=C/C(C)=C/C=C/C(C)=C/C=C/C=C(C)/C=C/C=C(C)/C=C/C=C(C)C",
    "chebi_id": "CHEBI:15938",
    "target_titer_g_per_l": 5.0,
    "target_yield_mol_per_mol": 0.35
  },
  "genomic_data": {
    "total_genes": 4494,
    "essential_genes": [
      "dnaA",
      "dnaN",
      "dnaG",
      "rpoB",
      "rpoC",
      "rpoA",
      "gyrA",
      "gyrB",
      "ftsZ",
      "ftsA",
      "murA",
      "murB",
      "tufA",
      "tufB",
      "rplA",
      "rplB",
      "rplC",
      "rplD"
    ],
    "available_promoters": [
      "Ptac",
      "Ptrc",
      "Plac",
      "ParaBAD",
      "PT7",
      "PlacUV5",
      "Pbad",
      "PrhaBAD"
    ],
    "codon_table_id": 11,
    "gc_content_percent": 50.8
  },
  "data_quality_report": {
    "completeness_score": 1.0,
    "warnings": [],
    "errors": []
  },
  "stage_1_status": "PASS"
}
2026-06-08 09:24:18 | INFO     | STAGE:1 | info | Stage 1 summary written to logs/stage_1_summary.json
2026-06-08 09:24:18 | INFO     | STAGE:1 | info | === STAGE 1 COMPLETE === duration=0.00s status=PASS
